https_blockprotocol_org_alice_property_type_user_id.rs

use error_stack::{Report, Result, ResultExt as _};
use serde::Serialize;
use turbine::{
    types::data::{Number, Text},
    url, DataType, DataTypeMut, DataTypeRef, GenericPropertyError, PropertyType, PropertyTypeMut,
    PropertyTypeRef, Type, TypeMut, TypeRef, TypeUrl, VersionedUrlRef,
};
///User ID
#[derive(Debug, PartialEq, Eq, Clone, Serialize)]
#[serde(untagged)]
pub enum UserId {
    Variant0(Text),
    Variant1(Number),
}
impl TypeUrl for UserId {
    type InheritsFrom = ();

    const ID: VersionedUrlRef<'static> =
        url!("https://blockprotocol.org/@alice/property-type/user-id/" / v / 1u32);
}
impl Type for UserId {
    type Mut < 'a > = UserIdMut < 'a > where Self : 'a ;
    type Ref < 'a > = UserIdRef < 'a > where Self : 'a ;

    fn as_mut(&mut self) -> UserIdMut<'_> {
        match self {
            Self::Variant0(value) => <UserIdMut>::Variant0(<Text as TypeMut>::as_mut(value)),
            Self::Variant1(value) => <UserIdMut>::Variant1(<Number as TypeMut>::as_mut(value)),
        }
    }

    fn as_ref(&self) -> UserIdRef<'_> {
        match self {
            Self::Variant0(value) => <UserIdRef>::Variant0(<Text as Type>::as_ref(value)),
            Self::Variant1(value) => <UserIdRef>::Variant1(<Number as Type>::as_ref(value)),
        }
    }
}
impl PropertyType for UserId {
    type Error = GenericPropertyError;

    fn try_from_value(value: serde_json::Value) -> Result<Self, Self::Error> {
        let mut errors: Result<(), GenericPropertyError> = Ok(());
        let this = {
            let value = <Text as DataType>::try_from_value(value)
                .change_context(GenericPropertyError::Data);
            value.map(Self::Variant0)
        };
        match this {
            Ok(this) => return Ok(this),
            Err(error) => match &mut errors {
                Err(errors) => errors.extend_one(error),
                errors => *errors = Err(error),
            },
        }
        let this = {
            let value = <Number as DataType>::try_from_value(value)
                .change_context(GenericPropertyError::Data);
            value.map(Self::Variant1)
        };
        match this {
            Ok(this) => return Ok(this),
            Err(error) => match &mut errors {
                Err(errors) => errors.extend_one(error),
                errors => *errors = Err(error),
            },
        }
        errors?;
        unreachable!();
    }
}
pub type UserIdV1 = UserId;
///User ID
#[derive(Debug, PartialEq, Eq, Clone, Serialize)]
#[serde(untagged)]
pub enum UserIdRef<'a> {
    Variant0(<Text as Type>::Ref<'a>),
    Variant1(<Number as Type>::Ref<'a>),
}
impl TypeUrl for UserIdRef<'_> {
    type InheritsFrom = ();

    const ID: VersionedUrlRef<'static> =
        url!("https://blockprotocol.org/@alice/property-type/user-id/" / v / 1u32);
}
impl TypeRef for UserIdRef<'_> {
    type Owned = UserId;

    fn into_owned(self) -> UserId {
        match self {
            Self::Variant0(value) => {
                <UserId>::Variant0(<<Text as Type>::Ref<'_> as TypeRef>::into_owned(value))
            }
            Self::Variant1(value) => {
                <UserId>::Variant1(<<Number as Type>::Ref<'_> as TypeRef>::into_owned(value))
            }
        }
    }
}
impl<'a> PropertyTypeRef<'a> for UserIdRef<'a> {
    type Error = GenericPropertyError;

    fn try_from_value(value: &'a serde_json::Value) -> Result<Self, Self::Error> {
        let mut errors: Result<(), GenericPropertyError> = Ok(());
        let this = {
            let value = <<Text as Type>::Ref<'a> as DataTypeRef<'a>>::try_from_value(value)
                .change_context(GenericPropertyError::Data);
            value.map(Self::Variant0)
        };
        match this {
            Ok(this) => return Ok(this),
            Err(error) => match &mut errors {
                Err(errors) => errors.extend_one(error),
                errors => *errors = Err(error),
            },
        }
        let this = {
            let value = <<Number as Type>::Ref<'a> as DataTypeRef<'a>>::try_from_value(value)
                .change_context(GenericPropertyError::Data);
            value.map(Self::Variant1)
        };
        match this {
            Ok(this) => return Ok(this),
            Err(error) => match &mut errors {
                Err(errors) => errors.extend_one(error),
                errors => *errors = Err(error),
            },
        }
        errors?;
        unreachable!();
    }
}
pub type UserIdV1Ref<'a> = UserIdRef<'a>;
///User ID
#[derive(Debug, Serialize)]
#[serde(untagged)]
pub enum UserIdMut<'a> {
    Variant0(<Text as Type>::Mut<'a>),
    Variant1(<Number as Type>::Mut<'a>),
}
impl TypeUrl for UserIdMut<'_> {
    type InheritsFrom = ();

    const ID: VersionedUrlRef<'static> =
        url!("https://blockprotocol.org/@alice/property-type/user-id/" / v / 1u32);
}
impl TypeMut for UserIdMut<'_> {
    type Owned = UserId;

    fn into_owned(self) -> UserId {
        match self {
            Self::Variant0(value) => {
                <UserId>::Variant0(<<Text as Type>::Mut<'_> as TypeMut>::into_owned(value))
            }
            Self::Variant1(value) => {
                <UserId>::Variant1(<<Number as Type>::Mut<'_> as TypeMut>::into_owned(value))
            }
        }
    }
}
impl<'a> PropertyTypeMut<'a> for UserIdMut<'a> {
    type Error = GenericPropertyError;

    fn try_from_value(value: &'a mut serde_json::Value) -> Result<Self, Self::Error> {
        let mut errors: Result<(), GenericPropertyError> = Ok(());
        let this = {
            let value = <<Text as Type>::Mut<'a> as DataTypeMut<'a>>::try_from_value(value)
                .change_context(GenericPropertyError::Data);
            value.map(Self::Variant0)
        };
        match this {
            Ok(this) => return Ok(this),
            Err(error) => match &mut errors {
                Err(errors) => errors.extend_one(error),
                errors => *errors = Err(error),
            },
        }
        let this = {
            let value = <<Number as Type>::Mut<'a> as DataTypeMut<'a>>::try_from_value(value)
                .change_context(GenericPropertyError::Data);
            value.map(Self::Variant1)
        };
        match this {
            Ok(this) => return Ok(this),
            Err(error) => match &mut errors {
                Err(errors) => errors.extend_one(error),
                errors => *errors = Err(error),
            },
        }
        errors?;
        unreachable!();
    }
}
pub type UserIdV1Mut<'a> = UserIdMut<'a>;
