localhost_3000/alice/data/custom.rs

compile_error ! ("custom data types are not yet supported, see [#355](https://github.com/blockprotocol/blockprotocol/pull/355) for the official RFC") ;
